---
source: logic/src/parse/ui.rs
expression: string

---
error: Mismatching brackets!
  ┌─ file:1:6
  │
1 │ (((((((())
  │      ^ This bracket is opened, but it is never closed


