---
source: logic/src/parse/ui.rs
assertion_line: 52
expression: "ui_test(\"(((((((()))\".to_string())"

---
error: Mismatching brackets!
  ┌─ file:1:5
  │
1 │ (((((((()))
  │     ^ This bracket is opened, but it is never closed


